// Jest Snapshot v1, https://goo.gl/fbAQLP

exports[`routes using memory router Should render component 1`] = `ShallowWrapper {}`;
